=== output-integrity campaign :: tier=k8s reps=3 dur=60s ===

--- k8s / 1080p25 (25 fps) ---
    4/4 sources up; warm-up 35s
[*] Counting 60s of delivered frames for 'k8s_1080p25' ...
[*] Stream reported: 1920x1080@25
[OK] k8s_1080p25: delivered 1500/1500 frames  drop=0.0000%  out_fps=25.000  host_cpu=67.8%
[*] Appended to output_integrity.csv
[*] Counting 60s of delivered frames for 'k8s_1080p25' ...
[*] Stream reported: 1920x1080@25
[OK] k8s_1080p25: delivered 1500/1500 frames  drop=0.0000%  out_fps=25.000  host_cpu=65.9%
[*] Appended to output_integrity.csv
[*] Counting 60s of delivered frames for 'k8s_1080p25' ...
[*] Stream reported: 1920x1080@25
[OK] k8s_1080p25: delivered 1500/1500 frames  drop=0.0000%  out_fps=25.000  host_cpu=93.5%
[*] Appended to output_integrity.csv

--- k8s / 1080p50 (50 fps) ---
    4/4 sources up; warm-up 35s
[*] Counting 60s of delivered frames for 'k8s_1080p50' ...
[*] Stream reported: 1920x1080@50
[OK] k8s_1080p50: delivered 3000/3000 frames  drop=0.0000%  out_fps=50.000  host_cpu=85.7%
[*] Appended to output_integrity.csv
[*] Counting 60s of delivered frames for 'k8s_1080p50' ...
[*] Stream reported: 1920x1080@50
[OK] k8s_1080p50: delivered 3000/3000 frames  drop=0.0000%  out_fps=50.000  host_cpu=84.4%
[*] Appended to output_integrity.csv
[*] Counting 60s of delivered frames for 'k8s_1080p50' ...
[*] Stream reported: 1920x1080@50
[OK] k8s_1080p50: delivered 3000/3000 frames  drop=0.0000%  out_fps=50.000  host_cpu=84.3%
[*] Appended to output_integrity.csv

--- k8s / 2160p25 (25 fps) ---
    4/4 sources up; warm-up 35s
[*] Counting 60s of delivered frames for 'k8s_2160p25' ...
[*] Stream reported: 3840x2160@25
[OK] k8s_2160p25: delivered 1500/1500 frames  drop=0.0000%  out_fps=25.000  host_cpu=91.4%
[*] Appended to output_integrity.csv
[*] Counting 60s of delivered frames for 'k8s_2160p25' ...
[*] Stream reported: 3840x2160@25
[OK] k8s_2160p25: delivered 1500/1500 frames  drop=0.0000%  out_fps=25.000  host_cpu=92.0%
[*] Appended to output_integrity.csv
[*] Counting 60s of delivered frames for 'k8s_2160p25' ...
[*] Stream reported: 3840x2160@25
[OK] k8s_2160p25: delivered 1500/1500 frames  drop=0.0000%  out_fps=25.000  host_cpu=91.6%
[*] Appended to output_integrity.csv

--- k8s / 2160p50 (50 fps) ---
    4/4 sources up; warm-up 35s
[*] Counting 60s of delivered frames for 'k8s_2160p50' ...
[*] Stream reported: 3840x2160@50
[OK] k8s_2160p50: delivered 3000/3000 frames  drop=0.0000%  out_fps=50.000  host_cpu=88.6%
[*] Appended to output_integrity.csv
[*] Counting 60s of delivered frames for 'k8s_2160p50' ...
[*] Stream reported: 3840x2160@50
[OK] k8s_2160p50: delivered 3000/3000 frames  drop=0.0000%  out_fps=50.000  host_cpu=88.7%
[*] Appended to output_integrity.csv
[*] Counting 60s of delivered frames for 'k8s_2160p50' ...
[*] Stream reported: 3840x2160@50
[OK] k8s_2160p50: delivered 3000/3000 frames  drop=0.0000%  out_fps=50.000  host_cpu=89.2%
[*] Appended to output_integrity.csv

=== k8s done ===
