=== output-integrity campaign :: tier=docker reps=3 dur=60s ===

--- docker / 1080p25 (25 fps) ---
    4/4 sources up; warm-up 35s
[*] Counting 60s of delivered frames for 'docker_1080p25' ...
[*] Stream reported: 1920x1080@25
[OK] docker_1080p25: delivered 1500/1500 frames  drop=0.0000%  out_fps=25.000  host_cpu=66.6%  sources=4->4
[*] Appended to output_integrity.csv
[*] Counting 60s of delivered frames for 'docker_1080p25' ...
[*] Stream reported: 1920x1080@25
[OK] docker_1080p25: delivered 1500/1500 frames  drop=0.0000%  out_fps=25.000  host_cpu=68.2%  sources=4->4
[*] Appended to output_integrity.csv
[*] Counting 60s of delivered frames for 'docker_1080p25' ...
[*] Stream reported: 1920x1080@25
[OK] docker_1080p25: delivered 1500/1500 frames  drop=0.0000%  out_fps=25.000  host_cpu=94.4%  sources=4->4
[*] Appended to output_integrity.csv
[*] Capturing 10s from tcp://127.0.0.1:11000 to RAM for 'docker_1080p25' ...
[OK] docker_1080p25: 167/250 visually distinct frames (83 duplicates, 33.20%)  unique_fps=16.70
[*] Appended to frame_freshness.csv
[*] Capturing 10s from tcp://127.0.0.1:11000 to RAM for 'docker_1080p25' ...
[OK] docker_1080p25: 221/250 visually distinct frames (29 duplicates, 11.60%)  unique_fps=22.10
[*] Appended to frame_freshness.csv
[*] Capturing 10s from tcp://127.0.0.1:11000 to RAM for 'docker_1080p25' ...
[OK] docker_1080p25: 230/250 visually distinct frames (20 duplicates, 8.00%)  unique_fps=23.00
[*] Appended to frame_freshness.csv

--- docker / 1080p50 (50 fps) ---
    4/4 sources up; warm-up 35s
[*] Counting 60s of delivered frames for 'docker_1080p50' ...
[*] Stream reported: 1920x1080@50
[OK] docker_1080p50: delivered 3000/3000 frames  drop=0.0000%  out_fps=50.000  host_cpu=84.9%  sources=4->4
[*] Appended to output_integrity.csv
[*] Counting 60s of delivered frames for 'docker_1080p50' ...
[*] Stream reported: 1920x1080@50
[OK] docker_1080p50: delivered 3000/3000 frames  drop=0.0000%  out_fps=50.000  host_cpu=84.9%  sources=4->4
[*] Appended to output_integrity.csv
[*] Counting 60s of delivered frames for 'docker_1080p50' ...
[*] Stream reported: 1920x1080@50
[OK] docker_1080p50: delivered 3000/3000 frames  drop=0.0000%  out_fps=50.000  host_cpu=83.7%  sources=4->4
[*] Appended to output_integrity.csv
[*] Capturing 10s from tcp://127.0.0.1:11000 to RAM for 'docker_1080p50' ...
[OK] docker_1080p50: 16/500 visually distinct frames (484 duplicates, 96.80%)  unique_fps=1.60
[*] Appended to frame_freshness.csv
[*] Capturing 10s from tcp://127.0.0.1:11000 to RAM for 'docker_1080p50' ...
[OK] docker_1080p50: 15/500 visually distinct frames (485 duplicates, 97.00%)  unique_fps=1.50
[*] Appended to frame_freshness.csv
[*] Capturing 10s from tcp://127.0.0.1:11000 to RAM for 'docker_1080p50' ...
[OK] docker_1080p50: 15/500 visually distinct frames (485 duplicates, 97.00%)  unique_fps=1.50
[*] Appended to frame_freshness.csv

--- docker / 2160p25 (25 fps) ---
    4/4 sources up; warm-up 35s
[*] Counting 60s of delivered frames for 'docker_2160p25' ...
[*] Stream reported: 3840x2160@25
[OK] docker_2160p25: delivered 1500/1500 frames  drop=0.0000%  out_fps=25.000  host_cpu=92.4%  sources=4->4
[*] Appended to output_integrity.csv
[*] Counting 60s of delivered frames for 'docker_2160p25' ...
[*] Stream reported: 3840x2160@25
[OK] docker_2160p25: delivered 1500/1500 frames  drop=0.0000%  out_fps=25.000  host_cpu=92.4%  sources=4->4
[*] Appended to output_integrity.csv
[*] Counting 60s of delivered frames for 'docker_2160p25' ...
[*] Stream reported: 3840x2160@25
[OK] docker_2160p25: delivered 1500/1500 frames  drop=0.0000%  out_fps=25.000  host_cpu=92.3%  sources=4->4
[*] Appended to output_integrity.csv
[*] Capturing 10s from tcp://127.0.0.1:11000 to RAM for 'docker_2160p25' ...
[OK] docker_2160p25: 11/250 visually distinct frames (239 duplicates, 95.60%)  unique_fps=1.10
[*] Appended to frame_freshness.csv
[*] Capturing 10s from tcp://127.0.0.1:11000 to RAM for 'docker_2160p25' ...
[OK] docker_2160p25: 11/250 visually distinct frames (239 duplicates, 95.60%)  unique_fps=1.10
[*] Appended to frame_freshness.csv
[*] Capturing 10s from tcp://127.0.0.1:11000 to RAM for 'docker_2160p25' ...
[OK] docker_2160p25: 11/250 visually distinct frames (239 duplicates, 95.60%)  unique_fps=1.10
[*] Appended to frame_freshness.csv

--- docker / 2160p50 (50 fps) ---
    4/4 sources up; warm-up 35s
[*] Counting 60s of delivered frames for 'docker_2160p50' ...
[*] Stream reported: 3840x2160@50
[OK] docker_2160p50: delivered 3000/3000 frames  drop=0.0000%  out_fps=50.000  host_cpu=91.0%  sources=4->4
[*] Appended to output_integrity.csv
[*] Counting 60s of delivered frames for 'docker_2160p50' ...
[*] Stream reported: 3840x2160@50
[OK] docker_2160p50: delivered 3000/3000 frames  drop=0.0000%  out_fps=50.000  host_cpu=90.8%  sources=4->4
[*] Appended to output_integrity.csv
[*] Counting 60s of delivered frames for 'docker_2160p50' ...
[*] Stream reported: 3840x2160@50
[OK] docker_2160p50: delivered 3000/3000 frames  drop=0.0000%  out_fps=50.000  host_cpu=91.5%  sources=4->4
[*] Appended to output_integrity.csv
[*] Capturing 10s from tcp://127.0.0.1:11000 to RAM for 'docker_2160p50' ...
[OK] docker_2160p50: 6/500 visually distinct frames (494 duplicates, 98.80%)  unique_fps=0.60
[*] Appended to frame_freshness.csv
[*] Capturing 10s from tcp://127.0.0.1:11000 to RAM for 'docker_2160p50' ...
[OK] docker_2160p50: 7/500 visually distinct frames (493 duplicates, 98.60%)  unique_fps=0.70
[*] Appended to frame_freshness.csv
[*] Capturing 10s from tcp://127.0.0.1:11000 to RAM for 'docker_2160p50' ...
[OK] docker_2160p50: 7/500 visually distinct frames (493 duplicates, 98.60%)  unique_fps=0.70
[*] Appended to frame_freshness.csv

=== docker done ===
=== TANDA 2 COMPLETA ===
